ARM Linker, 5.03 [Build 76] [MDK-ARM Lite]

==============================================================================

Section Cross References

    startup_tm4c123.o(RESET) refers to startup_tm4c123.o(STACK) for __initial_sp
    startup_tm4c123.o(RESET) refers to startup_tm4c123.o(.text) for Reset_Handler
    startup_tm4c123.o(.text) refers to entry.o(.ARM.Collect$$$$00000000) for __main
    main.o(.text) refers to uart1.o(.text) for UART1_Init
    main.o(.text) refers to lcd.o(.text) for I2C_Init
    main.o(.text) refers to uart0.o(.text) for UART2_Init
    main.o(.text) refers to gpio.o(.text) for PortF_Init
    main.o(.text) refers to timer0.o(.text) for Timer0A_Init
    main.o(.text) refers to gps.o(.text) for processGPSChar
    main.o(.text) refers to ddiv.o(.text) for __aeabi_ddiv
    main.o(.text) refers to dfixi.o(.text) for __aeabi_d2iz
    main.o(.text) refers to dmul.o(.text) for __aeabi_dmul
    main.o(.text) refers to comp.o(.text) for compare
    main.o(.text) refers to printfa.o(i.__0sprintf) for __2sprintf
    main.o(.text) refers to main.o(.data) for gps_data_ready
    main.o(.text) refers to gps.o(.data) for latest_ns
    main.o(.text) refers to gps.o(.bss) for latest_lat
    main.o(.text) refers to main.o(.bss) for cnt
    main.o(.data) refers to main.o(.conststring) for .conststring
    gps.o(.text) refers to strtok.o(.text) for strtok
    gps.o(.text) refers to strncpy.o(.text) for strncpy
    gps.o(.text) refers to strstr.o(.text) for strstr
    gps.o(.text) refers to atof.o(i.__hardfp_atof) for __hardfp_atof
    gps.o(.text) refers to ddiv.o(.text) for __aeabi_ddiv
    gps.o(.text) refers to dfixi.o(.text) for __aeabi_d2iz
    gps.o(.text) refers to dflti.o(.text) for __aeabi_i2d
    gps.o(.text) refers to dadd.o(.text) for __aeabi_drsub
    gps.o(.text) refers to dmul.o(.text) for __aeabi_dmul
    gps.o(.text) refers to gps.o(.bss) for latest_lat
    gps.o(.text) refers to gps.o(.data) for latest_ns
    comp.o(.text) refers to dadd.o(.text) for __aeabi_drsub
    comp.o(.text) refers to dfixi.o(.text) for __aeabi_d2iz
    comp.o(.text) refers to dflti.o(.text) for __aeabi_i2d
    comp.o(.text) refers to dmul.o(.text) for __aeabi_dmul
    comp.o(.text) refers to sqrt.o(i.__hardfp_sqrt) for __hardfp_sqrt
    comp.o(.text) refers to cdcmple.o(.text) for __aeabi_cdcmpeq
    comp.o(.text) refers to comp.o(.data) for lons
    lcd.o(.text) refers to lcd.o(.data) for k
    timer0.o(.text) refers to timer0.o(.data) for start_time
    atof.o(i.__hardfp_atof) refers (Special) to iusefp.o(.text) for __I$use$fp
    atof.o(i.__hardfp_atof) refers to errno.o(i.__read_errno) for __read_errno
    atof.o(i.__hardfp_atof) refers to strtod.o(.text) for __strtod_int
    atof.o(i.__hardfp_atof) refers to errno.o(i.__set_errno) for __set_errno
    atof.o(i.__softfp_atof) refers (Special) to iusefp.o(.text) for __I$use$fp
    atof.o(i.__softfp_atof) refers to errno.o(i.__read_errno) for __read_errno
    atof.o(i.__softfp_atof) refers to strtod.o(.text) for __strtod_int
    atof.o(i.__softfp_atof) refers to errno.o(i.__set_errno) for __set_errno
    atof.o(i.atof) refers (Special) to iusefp.o(.text) for __I$use$fp
    atof.o(i.atof) refers to errno.o(i.__read_errno) for __read_errno
    atof.o(i.atof) refers to strtod.o(.text) for __strtod_int
    atof.o(i.atof) refers to errno.o(i.__set_errno) for __set_errno
    sqrt.o(i.__hardfp_sqrt) refers (Special) to iusefp.o(.text) for __I$use$fp
    sqrt.o(i.__hardfp_sqrt) refers to dsqrt.o(.text) for _dsqrt
    sqrt.o(i.__hardfp_sqrt) refers to errno.o(i.__set_errno) for __set_errno
    sqrt.o(i.__softfp_sqrt) refers (Special) to iusefp.o(.text) for __I$use$fp
    sqrt.o(i.__softfp_sqrt) refers to dsqrt.o(.text) for _dsqrt
    sqrt.o(i.__softfp_sqrt) refers to errno.o(i.__set_errno) for __set_errno
    sqrt.o(i.sqrt) refers (Special) to iusefp.o(.text) for __I$use$fp
    sqrt.o(i.sqrt) refers to dsqrt.o(.text) for _dsqrt
    sqrt.o(i.sqrt) refers to errno.o(i.__set_errno) for __set_errno
    sqrt_x.o(i.____hardfp_sqrt$lsc) refers (Special) to iusefp.o(.text) for __I$use$fp
    sqrt_x.o(i.____hardfp_sqrt$lsc) refers to cdcmple.o(.text) for __aeabi_cdcmple
    sqrt_x.o(i.____hardfp_sqrt$lsc) refers to errno.o(i.__set_errno) for __set_errno
    sqrt_x.o(i.____hardfp_sqrt$lsc) refers to dsqrt.o(.text) for _dsqrt
    sqrt_x.o(i.____softfp_sqrt$lsc) refers (Special) to iusefp.o(.text) for __I$use$fp
    sqrt_x.o(i.____softfp_sqrt$lsc) refers to cdcmple.o(.text) for __aeabi_cdcmple
    sqrt_x.o(i.____softfp_sqrt$lsc) refers to errno.o(i.__set_errno) for __set_errno
    sqrt_x.o(i.____softfp_sqrt$lsc) refers to dsqrt.o(.text) for _dsqrt
    sqrt_x.o(i.__sqrt$lsc) refers (Special) to iusefp.o(.text) for __I$use$fp
    sqrt_x.o(i.__sqrt$lsc) refers to cdcmple.o(.text) for __aeabi_cdcmple
    sqrt_x.o(i.__sqrt$lsc) refers to errno.o(i.__set_errno) for __set_errno
    sqrt_x.o(i.__sqrt$lsc) refers to dsqrt.o(.text) for _dsqrt
    entry.o(.ARM.Collect$$$$00000000) refers (Special) to entry10a.o(.ARM.Collect$$$$0000000D) for __rt_final_cpp
    entry.o(.ARM.Collect$$$$00000000) refers (Special) to entry11a.o(.ARM.Collect$$$$0000000F) for __rt_final_exit
    entry.o(.ARM.Collect$$$$00000000) refers (Special) to entry7b.o(.ARM.Collect$$$$00000008) for _main_clock
    entry.o(.ARM.Collect$$$$00000000) refers (Special) to entry8b.o(.ARM.Collect$$$$0000000A) for _main_cpp_init
    entry.o(.ARM.Collect$$$$00000000) refers (Special) to entry9a.o(.ARM.Collect$$$$0000000B) for _main_init
    entry.o(.ARM.Collect$$$$00000000) refers (Special) to entry5.o(.ARM.Collect$$$$00000004) for _main_scatterload
    entry.o(.ARM.Collect$$$$00000000) refers (Special) to entry2.o(.ARM.Collect$$$$00000001) for _main_stk
    strtok.o(.text) refers to strtok.o(.data) for .data
    strtok_r.o(.text) refers to strtok_r.o(.data) for .data
    printfb.o(i.__0fprintf$bare) refers to printfb.o(i._printf_core) for _printf_core
    printfb.o(i.__0fprintf$bare) refers to fputc.o(i.fputc) for fputc
    printfb.o(i.__0printf$bare) refers to printfb.o(i._printf_core) for _printf_core
    printfb.o(i.__0printf$bare) refers to fputc.o(i.fputc) for fputc
    printfb.o(i.__0printf$bare) refers to stdout.o(.data) for __stdout
    printfb.o(i.__0snprintf$bare) refers to printfb.o(i._printf_core) for _printf_core
    printfb.o(i.__0snprintf$bare) refers to printfb.o(i._snputc) for _snputc
    printfb.o(i.__0sprintf$bare) refers to printfb.o(i._printf_core) for _printf_core
    printfb.o(i.__0sprintf$bare) refers to printfb.o(i._sputc) for _sputc
    printfb.o(i.__0vfprintf$bare) refers to printfb.o(i._printf_core) for _printf_core
    printfb.o(i.__0vfprintf$bare) refers to fputc.o(i.fputc) for fputc
    printfb.o(i.__0vprintf$bare) refers to printfb.o(i._printf_core) for _printf_core
    printfb.o(i.__0vprintf$bare) refers to fputc.o(i.fputc) for fputc
    printfb.o(i.__0vprintf$bare) refers to stdout.o(.data) for __stdout
    printfb.o(i.__0vsnprintf$bare) refers to printfb.o(i._printf_core) for _printf_core
    printfb.o(i.__0vsnprintf$bare) refers to printfb.o(i._snputc) for _snputc
    printfb.o(i.__0vsprintf$bare) refers to printfb.o(i._printf_core) for _printf_core
    printfb.o(i.__0vsprintf$bare) refers to printfb.o(i._sputc) for _sputc
    printf0.o(i.__0fprintf$0) refers to printf0.o(i._printf_core) for _printf_core
    printf0.o(i.__0fprintf$0) refers to fputc.o(i.fputc) for fputc
    printf0.o(i.__0printf$0) refers to printf0.o(i._printf_core) for _printf_core
    printf0.o(i.__0printf$0) refers to fputc.o(i.fputc) for fputc
    printf0.o(i.__0printf$0) refers to stdout.o(.data) for __stdout
    printf0.o(i.__0snprintf$0) refers to printf0.o(i._printf_core) for _printf_core
    printf0.o(i.__0snprintf$0) refers to printf0.o(i._snputc) for _snputc
    printf0.o(i.__0sprintf$0) refers to printf0.o(i._printf_core) for _printf_core
    printf0.o(i.__0sprintf$0) refers to printf0.o(i._sputc) for _sputc
    printf0.o(i.__0vfprintf$0) refers to printf0.o(i._printf_core) for _printf_core
    printf0.o(i.__0vfprintf$0) refers to fputc.o(i.fputc) for fputc
    printf0.o(i.__0vprintf$0) refers to printf0.o(i._printf_core) for _printf_core
    printf0.o(i.__0vprintf$0) refers to fputc.o(i.fputc) for fputc
    printf0.o(i.__0vprintf$0) refers to stdout.o(.data) for __stdout
    printf0.o(i.__0vsnprintf$0) refers to printf0.o(i._printf_core) for _printf_core
    printf0.o(i.__0vsnprintf$0) refers to printf0.o(i._snputc) for _snputc
    printf0.o(i.__0vsprintf$0) refers to printf0.o(i._printf_core) for _printf_core
    printf0.o(i.__0vsprintf$0) refers to printf0.o(i._sputc) for _sputc
    printf1.o(i.__0fprintf$1) refers to printf1.o(i._printf_core) for _printf_core
    printf1.o(i.__0fprintf$1) refers to fputc.o(i.fputc) for fputc
    printf1.o(i.__0printf$1) refers to printf1.o(i._printf_core) for _printf_core
    printf1.o(i.__0printf$1) refers to fputc.o(i.fputc) for fputc
    printf1.o(i.__0printf$1) refers to stdout.o(.data) for __stdout
    printf1.o(i.__0snprintf$1) refers to printf1.o(i._printf_core) for _printf_core
    printf1.o(i.__0snprintf$1) refers to printf1.o(i._snputc) for _snputc
    printf1.o(i.__0sprintf$1) refers to printf1.o(i._printf_core) for _printf_core
    printf1.o(i.__0sprintf$1) refers to printf1.o(i._sputc) for _sputc
    printf1.o(i.__0vfprintf$1) refers to printf1.o(i._printf_core) for _printf_core
    printf1.o(i.__0vfprintf$1) refers to fputc.o(i.fputc) for fputc
    printf1.o(i.__0vprintf$1) refers to printf1.o(i._printf_core) for _printf_core
    printf1.o(i.__0vprintf$1) refers to fputc.o(i.fputc) for fputc
    printf1.o(i.__0vprintf$1) refers to stdout.o(.data) for __stdout
    printf1.o(i.__0vsnprintf$1) refers to printf1.o(i._printf_core) for _printf_core
    printf1.o(i.__0vsnprintf$1) refers to printf1.o(i._snputc) for _snputc
    printf1.o(i.__0vsprintf$1) refers to printf1.o(i._printf_core) for _printf_core
    printf1.o(i.__0vsprintf$1) refers to printf1.o(i._sputc) for _sputc
    printf1.o(i._printf_core) refers to uidiv.o(.text) for __aeabi_uidivmod
    printf2.o(i.__0fprintf$2) refers to printf2.o(i._printf_core) for _printf_core
    printf2.o(i.__0fprintf$2) refers to fputc.o(i.fputc) for fputc
    printf2.o(i.__0printf$2) refers to printf2.o(i._printf_core) for _printf_core
    printf2.o(i.__0printf$2) refers to fputc.o(i.fputc) for fputc
    printf2.o(i.__0printf$2) refers to stdout.o(.data) for __stdout
    printf2.o(i.__0snprintf$2) refers to printf2.o(i._printf_core) for _printf_core
    printf2.o(i.__0snprintf$2) refers to printf2.o(i._snputc) for _snputc
    printf2.o(i.__0sprintf$2) refers to printf2.o(i._printf_core) for _printf_core
    printf2.o(i.__0sprintf$2) refers to printf2.o(i._sputc) for _sputc
    printf2.o(i.__0vfprintf$2) refers to printf2.o(i._printf_core) for _printf_core
    printf2.o(i.__0vfprintf$2) refers to fputc.o(i.fputc) for fputc
    printf2.o(i.__0vprintf$2) refers to printf2.o(i._printf_core) for _printf_core
    printf2.o(i.__0vprintf$2) refers to fputc.o(i.fputc) for fputc
    printf2.o(i.__0vprintf$2) refers to stdout.o(.data) for __stdout
    printf2.o(i.__0vsnprintf$2) refers to printf2.o(i._printf_core) for _printf_core
    printf2.o(i.__0vsnprintf$2) refers to printf2.o(i._snputc) for _snputc
    printf2.o(i.__0vsprintf$2) refers to printf2.o(i._printf_core) for _printf_core
    printf2.o(i.__0vsprintf$2) refers to printf2.o(i._sputc) for _sputc
    printf3.o(i.__0fprintf$3) refers to printf3.o(i._printf_core) for _printf_core
    printf3.o(i.__0fprintf$3) refers to fputc.o(i.fputc) for fputc
    printf3.o(i.__0printf$3) refers to printf3.o(i._printf_core) for _printf_core
    printf3.o(i.__0printf$3) refers to fputc.o(i.fputc) for fputc
    printf3.o(i.__0printf$3) refers to stdout.o(.data) for __stdout
    printf3.o(i.__0snprintf$3) refers to printf3.o(i._printf_core) for _printf_core
    printf3.o(i.__0snprintf$3) refers to printf3.o(i._snputc) for _snputc
    printf3.o(i.__0sprintf$3) refers to printf3.o(i._printf_core) for _printf_core
    printf3.o(i.__0sprintf$3) refers to printf3.o(i._sputc) for _sputc
    printf3.o(i.__0vfprintf$3) refers to printf3.o(i._printf_core) for _printf_core
    printf3.o(i.__0vfprintf$3) refers to fputc.o(i.fputc) for fputc
    printf3.o(i.__0vprintf$3) refers to printf3.o(i._printf_core) for _printf_core
    printf3.o(i.__0vprintf$3) refers to fputc.o(i.fputc) for fputc
    printf3.o(i.__0vprintf$3) refers to stdout.o(.data) for __stdout
    printf3.o(i.__0vsnprintf$3) refers to printf3.o(i._printf_core) for _printf_core
    printf3.o(i.__0vsnprintf$3) refers to printf3.o(i._snputc) for _snputc
    printf3.o(i.__0vsprintf$3) refers to printf3.o(i._printf_core) for _printf_core
    printf3.o(i.__0vsprintf$3) refers to printf3.o(i._sputc) for _sputc
    printf3.o(i._printf_core) refers to uidiv.o(.text) for __aeabi_uidivmod
    printf4.o(i.__0fprintf$4) refers to printf4.o(i._printf_core) for _printf_core
    printf4.o(i.__0fprintf$4) refers to fputc.o(i.fputc) for fputc
    printf4.o(i.__0printf$4) refers to printf4.o(i._printf_core) for _printf_core
    printf4.o(i.__0printf$4) refers to fputc.o(i.fputc) for fputc
    printf4.o(i.__0printf$4) refers to stdout.o(.data) for __stdout
    printf4.o(i.__0snprintf$4) refers to printf4.o(i._printf_core) for _printf_core
    printf4.o(i.__0snprintf$4) refers to printf4.o(i._snputc) for _snputc
    printf4.o(i.__0sprintf$4) refers to printf4.o(i._printf_core) for _printf_core
    printf4.o(i.__0sprintf$4) refers to printf4.o(i._sputc) for _sputc
    printf4.o(i.__0vfprintf$4) refers to printf4.o(i._printf_core) for _printf_core
    printf4.o(i.__0vfprintf$4) refers to fputc.o(i.fputc) for fputc
    printf4.o(i.__0vprintf$4) refers to printf4.o(i._printf_core) for _printf_core
    printf4.o(i.__0vprintf$4) refers to fputc.o(i.fputc) for fputc
    printf4.o(i.__0vprintf$4) refers to stdout.o(.data) for __stdout
    printf4.o(i.__0vsnprintf$4) refers to printf4.o(i._printf_core) for _printf_core
    printf4.o(i.__0vsnprintf$4) refers to printf4.o(i._snputc) for _snputc
    printf4.o(i.__0vsprintf$4) refers to printf4.o(i._printf_core) for _printf_core
    printf4.o(i.__0vsprintf$4) refers to printf4.o(i._sputc) for _sputc
    printf4.o(i._printf_core) refers to uldiv.o(.text) for __aeabi_uldivmod
    printf5.o(i.__0fprintf$5) refers to printf5.o(i._printf_core) for _printf_core
    printf5.o(i.__0fprintf$5) refers to fputc.o(i.fputc) for fputc
    printf5.o(i.__0printf$5) refers to printf5.o(i._printf_core) for _printf_core
    printf5.o(i.__0printf$5) refers to fputc.o(i.fputc) for fputc
    printf5.o(i.__0printf$5) refers to stdout.o(.data) for __stdout
    printf5.o(i.__0snprintf$5) refers to printf5.o(i._printf_core) for _printf_core
    printf5.o(i.__0snprintf$5) refers to printf5.o(i._snputc) for _snputc
    printf5.o(i.__0sprintf$5) refers to printf5.o(i._printf_core) for _printf_core
    printf5.o(i.__0sprintf$5) refers to printf5.o(i._sputc) for _sputc
    printf5.o(i.__0vfprintf$5) refers to printf5.o(i._printf_core) for _printf_core
    printf5.o(i.__0vfprintf$5) refers to fputc.o(i.fputc) for fputc
    printf5.o(i.__0vprintf$5) refers to printf5.o(i._printf_core) for _printf_core
    printf5.o(i.__0vprintf$5) refers to fputc.o(i.fputc) for fputc
    printf5.o(i.__0vprintf$5) refers to stdout.o(.data) for __stdout
    printf5.o(i.__0vsnprintf$5) refers to printf5.o(i._printf_core) for _printf_core
    printf5.o(i.__0vsnprintf$5) refers to printf5.o(i._snputc) for _snputc
    printf5.o(i.__0vsprintf$5) refers to printf5.o(i._printf_core) for _printf_core
    printf5.o(i.__0vsprintf$5) refers to printf5.o(i._sputc) for _sputc
    printf5.o(i._printf_core) refers to uldiv.o(.text) for __aeabi_uldivmod
    printf6.o(i.__0fprintf$6) refers to printf6.o(i._printf_core) for _printf_core
    printf6.o(i.__0fprintf$6) refers to fputc.o(i.fputc) for fputc
    printf6.o(i.__0printf$6) refers to printf6.o(i._printf_core) for _printf_core
    printf6.o(i.__0printf$6) refers to fputc.o(i.fputc) for fputc
    printf6.o(i.__0printf$6) refers to stdout.o(.data) for __stdout
    printf6.o(i.__0snprintf$6) refers to printf6.o(i._printf_core) for _printf_core
    printf6.o(i.__0snprintf$6) refers to printf6.o(i._snputc) for _snputc
    printf6.o(i.__0sprintf$6) refers to printf6.o(i._printf_core) for _printf_core
    printf6.o(i.__0sprintf$6) refers to printf6.o(i._sputc) for _sputc
    printf6.o(i.__0vfprintf$6) refers to printf6.o(i._printf_core) for _printf_core
    printf6.o(i.__0vfprintf$6) refers to fputc.o(i.fputc) for fputc
    printf6.o(i.__0vprintf$6) refers to printf6.o(i._printf_core) for _printf_core
    printf6.o(i.__0vprintf$6) refers to fputc.o(i.fputc) for fputc
    printf6.o(i.__0vprintf$6) refers to stdout.o(.data) for __stdout
    printf6.o(i.__0vsnprintf$6) refers to printf6.o(i._printf_core) for _printf_core
    printf6.o(i.__0vsnprintf$6) refers to printf6.o(i._snputc) for _snputc
    printf6.o(i.__0vsprintf$6) refers to printf6.o(i._printf_core) for _printf_core
    printf6.o(i.__0vsprintf$6) refers to printf6.o(i._sputc) for _sputc
    printf6.o(i._printf_core) refers to printf6.o(i._printf_pre_padding) for _printf_pre_padding
    printf6.o(i._printf_core) refers to uidiv.o(.text) for __aeabi_uidivmod
    printf6.o(i._printf_core) refers to printf6.o(i._printf_post_padding) for _printf_post_padding
    printf7.o(i.__0fprintf$7) refers to printf7.o(i._printf_core) for _printf_core
    printf7.o(i.__0fprintf$7) refers to fputc.o(i.fputc) for fputc
    printf7.o(i.__0printf$7) refers to printf7.o(i._printf_core) for _printf_core
    printf7.o(i.__0printf$7) refers to fputc.o(i.fputc) for fputc
    printf7.o(i.__0printf$7) refers to stdout.o(.data) for __stdout
    printf7.o(i.__0snprintf$7) refers to printf7.o(i._printf_core) for _printf_core
    printf7.o(i.__0snprintf$7) refers to printf7.o(i._snputc) for _snputc
    printf7.o(i.__0sprintf$7) refers to printf7.o(i._printf_core) for _printf_core
    printf7.o(i.__0sprintf$7) refers to printf7.o(i._sputc) for _sputc
    printf7.o(i.__0vfprintf$7) refers to printf7.o(i._printf_core) for _printf_core
    printf7.o(i.__0vfprintf$7) refers to fputc.o(i.fputc) for fputc
    printf7.o(i.__0vprintf$7) refers to printf7.o(i._printf_core) for _printf_core
    printf7.o(i.__0vprintf$7) refers to fputc.o(i.fputc) for fputc
    printf7.o(i.__0vprintf$7) refers to stdout.o(.data) for __stdout
    printf7.o(i.__0vsnprintf$7) refers to printf7.o(i._printf_core) for _printf_core
    printf7.o(i.__0vsnprintf$7) refers to printf7.o(i._snputc) for _snputc
    printf7.o(i.__0vsprintf$7) refers to printf7.o(i._printf_core) for _printf_core
    printf7.o(i.__0vsprintf$7) refers to printf7.o(i._sputc) for _sputc
    printf7.o(i._printf_core) refers to printf7.o(i._printf_pre_padding) for _printf_pre_padding
    printf7.o(i._printf_core) refers to uldiv.o(.text) for __aeabi_uldivmod
    printf7.o(i._printf_core) refers to printf7.o(i._printf_post_padding) for _printf_post_padding
    printf8.o(i.__0fprintf$8) refers to printf8.o(i._printf_core) for _printf_core
    printf8.o(i.__0fprintf$8) refers to fputc.o(i.fputc) for fputc
    printf8.o(i.__0printf$8) refers to printf8.o(i._printf_core) for _printf_core
    printf8.o(i.__0printf$8) refers to fputc.o(i.fputc) for fputc
    printf8.o(i.__0printf$8) refers to stdout.o(.data) for __stdout
    printf8.o(i.__0snprintf$8) refers to printf8.o(i._printf_core) for _printf_core
    printf8.o(i.__0snprintf$8) refers to printf8.o(i._snputc) for _snputc
    printf8.o(i.__0sprintf$8) refers to printf8.o(i._printf_core) for _printf_core
    printf8.o(i.__0sprintf$8) refers to printf8.o(i._sputc) for _sputc
    printf8.o(i.__0vfprintf$8) refers to printf8.o(i._printf_core) for _printf_core
    printf8.o(i.__0vfprintf$8) refers to fputc.o(i.fputc) for fputc
    printf8.o(i.__0vprintf$8) refers to printf8.o(i._printf_core) for _printf_core
    printf8.o(i.__0vprintf$8) refers to fputc.o(i.fputc) for fputc
    printf8.o(i.__0vprintf$8) refers to stdout.o(.data) for __stdout
    printf8.o(i.__0vsnprintf$8) refers to printf8.o(i._printf_core) for _printf_core
    printf8.o(i.__0vsnprintf$8) refers to printf8.o(i._snputc) for _snputc
    printf8.o(i.__0vsprintf$8) refers to printf8.o(i._printf_core) for _printf_core
    printf8.o(i.__0vsprintf$8) refers to printf8.o(i._sputc) for _sputc
    printf8.o(i._printf_core) refers to printf8.o(i._printf_pre_padding) for _printf_pre_padding
    printf8.o(i._printf_core) refers to uldiv.o(.text) for __aeabi_uldivmod
    printf8.o(i._printf_core) refers to printf8.o(i._printf_post_padding) for _printf_post_padding
    printfa.o(i.__0fprintf) refers (Special) to iusefp.o(.text) for __I$use$fp
    printfa.o(i.__0fprintf) refers to printfa.o(i._printf_core) for _printf_core
    printfa.o(i.__0fprintf) refers to fputc.o(i.fputc) for fputc
    printfa.o(i.__0printf) refers (Special) to iusefp.o(.text) for __I$use$fp
    printfa.o(i.__0printf) refers to printfa.o(i._printf_core) for _printf_core
    printfa.o(i.__0printf) refers to fputc.o(i.fputc) for fputc
    printfa.o(i.__0printf) refers to stdout.o(.data) for __stdout
    printfa.o(i.__0snprintf) refers (Special) to iusefp.o(.text) for __I$use$fp
    printfa.o(i.__0snprintf) refers to printfa.o(i._printf_core) for _printf_core
    printfa.o(i.__0snprintf) refers to printfa.o(i._snputc) for _snputc
    printfa.o(i.__0sprintf) refers (Special) to iusefp.o(.text) for __I$use$fp
    printfa.o(i.__0sprintf) refers to printfa.o(i._printf_core) for _printf_core
    printfa.o(i.__0sprintf) refers to printfa.o(i._sputc) for _sputc
    printfa.o(i.__0vfprintf) refers (Special) to iusefp.o(.text) for __I$use$fp
    printfa.o(i.__0vfprintf) refers to printfa.o(i._printf_core) for _printf_core
    printfa.o(i.__0vfprintf) refers to fputc.o(i.fputc) for fputc
    printfa.o(i.__0vprintf) refers (Special) to iusefp.o(.text) for __I$use$fp
    printfa.o(i.__0vprintf) refers to printfa.o(i._printf_core) for _printf_core
    printfa.o(i.__0vprintf) refers to fputc.o(i.fputc) for fputc
    printfa.o(i.__0vprintf) refers to stdout.o(.data) for __stdout
    printfa.o(i.__0vsnprintf) refers (Special) to iusefp.o(.text) for __I$use$fp
    printfa.o(i.__0vsnprintf) refers to printfa.o(i._printf_core) for _printf_core
    printfa.o(i.__0vsnprintf) refers to printfa.o(i._snputc) for _snputc
    printfa.o(i.__0vsprintf) refers (Special) to iusefp.o(.text) for __I$use$fp
    printfa.o(i.__0vsprintf) refers to printfa.o(i._printf_core) for _printf_core
    printfa.o(i.__0vsprintf) refers to printfa.o(i._sputc) for _sputc
    printfa.o(i._fp_digits) refers (Special) to iusefp.o(.text) for __I$use$fp
    printfa.o(i._fp_digits) refers to dmul.o(.text) for __aeabi_dmul
    printfa.o(i._fp_digits) refers to ddiv.o(.text) for __aeabi_ddiv
    printfa.o(i._fp_digits) refers to cdrcmple.o(.text) for __aeabi_cdrcmple
    printfa.o(i._fp_digits) refers to dadd.o(.text) for __aeabi_dadd
    printfa.o(i._fp_digits) refers to dfixul.o(.text) for __aeabi_d2ulz
    printfa.o(i._fp_digits) refers to uldiv.o(.text) for __aeabi_uldivmod
    printfa.o(i._printf_core) refers (Special) to iusefp.o(.text) for __I$use$fp
    printfa.o(i._printf_core) refers to printfa.o(i._printf_pre_padding) for _printf_pre_padding
    printfa.o(i._printf_core) refers to uldiv.o(.text) for __aeabi_uldivmod
    printfa.o(i._printf_core) refers to printfa.o(i._printf_post_padding) for _printf_post_padding
    printfa.o(i._printf_core) refers to printfa.o(i._fp_digits) for _fp_digits
    printfa.o(i._printf_core) refers to uidiv.o(.text) for __aeabi_uidivmod
    printfa.o(i._printf_post_padding) refers (Special) to iusefp.o(.text) for __I$use$fp
    printfa.o(i._printf_pre_padding) refers (Special) to iusefp.o(.text) for __I$use$fp
    printfa.o(i._snputc) refers (Special) to iusefp.o(.text) for __I$use$fp
    printfa.o(i._sputc) refers (Special) to iusefp.o(.text) for __I$use$fp
    dadd.o(.text) refers (Special) to iusefp.o(.text) for __I$use$fp
    dadd.o(.text) refers to llshl.o(.text) for __aeabi_llsl
    dadd.o(.text) refers to llsshr.o(.text) for __aeabi_lasr
    dadd.o(.text) refers to depilogue.o(.text) for _double_epilogue
    dmul.o(.text) refers (Special) to iusefp.o(.text) for __I$use$fp
    dmul.o(.text) refers to depilogue.o(.text) for _double_epilogue
    ddiv.o(.text) refers (Special) to iusefp.o(.text) for __I$use$fp
    ddiv.o(.text) refers to depilogue.o(.text) for _double_round
    dflti.o(.text) refers (Special) to iusefp.o(.text) for __I$use$fp
    dflti.o(.text) refers to depilogue.o(.text) for _double_epilogue
    dfixi.o(.text) refers (Special) to iusefp.o(.text) for __I$use$fp
    dfixi.o(.text) refers to llushr.o(.text) for __aeabi_llsr
    cdcmple.o(.text) refers (Special) to iusefp.o(.text) for __I$use$fp
    entry2.o(.ARM.Collect$$$$00000001) refers to entry2.o(.ARM.Collect$$$$00002712) for __lit__00000000
    entry2.o(.ARM.Collect$$$$00002712) refers to startup_tm4c123.o(STACK) for __initial_sp
    entry2.o(__vectab_stack_and_reset_area) refers to startup_tm4c123.o(STACK) for __initial_sp
    entry2.o(__vectab_stack_and_reset_area) refers to entry.o(.ARM.Collect$$$$00000000) for __main
    entry5.o(.ARM.Collect$$$$00000004) refers to init.o(.text) for __scatterload
    entry9a.o(.ARM.Collect$$$$0000000B) refers to main.o(.text) for main
    entry9b.o(.ARM.Collect$$$$0000000C) refers to main.o(.text) for main
    fputc.o(i.fputc) refers (Special) to iusesemip.o(.text) for __I$use$semihosting$fputc
    fputc.o(i.fputc) refers (Special) to semi.o(.text) for __semihosting_library_function
    uldiv.o(.text) refers to llushr.o(.text) for __aeabi_llsr
    uldiv.o(.text) refers to llshl.o(.text) for __aeabi_llsl
    errno.o(i.__aeabi_errno_addr) refers to errno.o(.data) for .data
    errno.o(i.__read_errno) refers to errno.o(.data) for .data
    errno.o(i.__set_errno) refers to errno.o(.data) for .data
    strtod.o(.text) refers to scanf_fp.o(.text) for _scanf_real
    strtod.o(.text) refers to _sgetc.o(.text) for _sgetc
    strtod.o(.text) refers to isspace_c.o(.text) for isspace
    depilogue.o(.text) refers to llshl.o(.text) for __aeabi_llsl
    depilogue.o(.text) refers to llushr.o(.text) for __aeabi_llsr
    dsqrt.o(.text) refers to llushr.o(.text) for __aeabi_llsr
    dsqrt.o(.text) refers to depilogue.o(.text) for _double_round
    dfixul.o(.text) refers to llushr.o(.text) for __aeabi_llsr
    dfixul.o(.text) refers to llshl.o(.text) for __aeabi_llsl
    init.o(.text) refers to entry5.o(.ARM.Collect$$$$00000004) for __main_after_scatterload
    isspace_c.o(.text) refers to ctype_c.o(.text) for __ctype_lookup
    scanf_fp.o(.text) refers (Special) to iusefp.o(.text) for __I$use$fp
    scanf_fp.o(.text) refers to dfltul.o(.text) for __aeabi_ul2d
    scanf_fp.o(.text) refers to dmul.o(.text) for __aeabi_dmul
    scanf_fp.o(.text) refers to ddiv.o(.text) for __aeabi_ddiv
    scanf_fp.o(.text) refers to scanf_fp.o(i._is_digit) for _is_digit
    scanf_fp.o(.text) refers to d2f.o(.text) for __aeabi_d2f
    ctype_c.o(.text) refers to ctype_c.o(.constdata) for .constdata
    dfltul.o(.text) refers to depilogue.o(.text) for _double_epilogue
    d2f.o(.text) refers to fepilogue.o(.text) for _float_round
    scanf_fp.o(i._is_digit) refers (Special) to iusefp.o(.text) for __I$use$fp


==============================================================================

Removing Unused input sections from the image.

    Removing startup_tm4c123.o(HEAP), (0 bytes).

1 unused section(s) (total 0 bytes) removed from the image.

==============================================================================

Image Symbol Table

    Local Symbols

    Symbol Name                              Value     Ov Type        Size  Object(Section)

    RESET                                    0x00000000   Section      620  startup_tm4c123.o(RESET)
    ../clib/../cmprslib/zerorunl2.c          0x00000000   Number         0  __dczerorl2.o ABSOLUTE
    ../clib/microlib/ctype/ctype.c           0x00000000   Number         0  ctype_c.o ABSOLUTE
    ../clib/microlib/ctype/ctype.c           0x00000000   Number         0  isspace_c.o ABSOLUTE
    ../clib/microlib/division.c              0x00000000   Number         0  uidiv.o ABSOLUTE
    ../clib/microlib/division.c              0x00000000   Number         0  uldiv.o ABSOLUTE
    ../clib/microlib/errno.c                 0x00000000   Number         0  errno.o ABSOLUTE
    ../clib/microlib/init/entry.s            0x00000000   Number         0  entry10b.o ABSOLUTE
    ../clib/microlib/init/entry.s            0x00000000   Number         0  entry7b.o ABSOLUTE
    ../clib/microlib/init/entry.s            0x00000000   Number         0  entry.o ABSOLUTE
    ../clib/microlib/init/entry.s            0x00000000   Number         0  entry5.o ABSOLUTE
    ../clib/microlib/init/entry.s            0x00000000   Number         0  entry7a.o ABSOLUTE
    ../clib/microlib/init/entry.s            0x00000000   Number         0  entry8a.o ABSOLUTE
    ../clib/microlib/init/entry.s            0x00000000   Number         0  entry10a.o ABSOLUTE
    ../clib/microlib/init/entry.s            0x00000000   Number         0  entry2.o ABSOLUTE
    ../clib/microlib/init/entry.s            0x00000000   Number         0  entry11a.o ABSOLUTE
    ../clib/microlib/init/entry.s            0x00000000   Number         0  entry11b.o ABSOLUTE
    ../clib/microlib/init/entry.s            0x00000000   Number         0  entry9b.o ABSOLUTE
    ../clib/microlib/init/entry.s            0x00000000   Number         0  entry9a.o ABSOLUTE
    ../clib/microlib/init/entry.s            0x00000000   Number         0  entry8b.o ABSOLUTE
    ../clib/microlib/longlong.c              0x00000000   Number         0  llushr.o ABSOLUTE
    ../clib/microlib/longlong.c              0x00000000   Number         0  llshl.o ABSOLUTE
    ../clib/microlib/longlong.c              0x00000000   Number         0  llsshr.o ABSOLUTE
    ../clib/microlib/printf/printf.c         0x00000000   Number         0  printfa.o ABSOLUTE
    ../clib/microlib/printf/printf.c         0x00000000   Number         0  printf8.o ABSOLUTE
    ../clib/microlib/printf/printf.c         0x00000000   Number         0  printf6.o ABSOLUTE
    ../clib/microlib/printf/printf.c         0x00000000   Number         0  printf5.o ABSOLUTE
    ../clib/microlib/printf/printf.c         0x00000000   Number         0  printf4.o ABSOLUTE
    ../clib/microlib/printf/printf.c         0x00000000   Number         0  printf3.o ABSOLUTE
    ../clib/microlib/printf/printf.c         0x00000000   Number         0  printf0.o ABSOLUTE
    ../clib/microlib/printf/printf.c         0x00000000   Number         0  printf1.o ABSOLUTE
    ../clib/microlib/printf/printf.c         0x00000000   Number         0  printfb.o ABSOLUTE
    ../clib/microlib/printf/printf.c         0x00000000   Number         0  printf2.o ABSOLUTE
    ../clib/microlib/printf/printf.c         0x00000000   Number         0  printf7.o ABSOLUTE
    ../clib/microlib/printf/stubs.s          0x00000000   Number         0  stubs.o ABSOLUTE
    ../clib/microlib/stdio/fputc.c           0x00000000   Number         0  fputc.o ABSOLUTE
    ../clib/microlib/stdio/semi.s            0x00000000   Number         0  semi.o ABSOLUTE
    ../clib/microlib/stdio/streams.c         0x00000000   Number         0  stdout.o ABSOLUTE
    ../clib/microlib/string/strncpy.c        0x00000000   Number         0  strncpy.o ABSOLUTE
    ../clib/microlib/string/strstr.c         0x00000000   Number         0  strstr.o ABSOLUTE
    ../clib/microlib/string/strtok.c         0x00000000   Number         0  strtok_r.o ABSOLUTE
    ../clib/microlib/string/strtok.c         0x00000000   Number         0  strtok.o ABSOLUTE
    ../clib/microlib/stubs.s                 0x00000000   Number         0  iusesemip.o ABSOLUTE
    ../clib/microlib/stubs.s                 0x00000000   Number         0  iusefp.o ABSOLUTE
    ../clib/scanf.c                          0x00000000   Number         0  scanf_fp.o ABSOLUTE
    ../clib/scanf.c                          0x00000000   Number         0  _sgetc.o ABSOLUTE
    ../clib/scanf.c                          0x00000000   Number         0  strtod.o ABSOLUTE
    ../fplib/microlib/d2f.c                  0x00000000   Number         0  d2f.o ABSOLUTE
    ../fplib/microlib/fpadd.c                0x00000000   Number         0  dadd.o ABSOLUTE
    ../fplib/microlib/fpdiv.c                0x00000000   Number         0  ddiv.o ABSOLUTE
    ../fplib/microlib/fpepilogue.c           0x00000000   Number         0  fepilogue.o ABSOLUTE
    ../fplib/microlib/fpepilogue.c           0x00000000   Number         0  depilogue.o ABSOLUTE
    ../fplib/microlib/fpfix.c                0x00000000   Number         0  dfixul.o ABSOLUTE
    ../fplib/microlib/fpfix.c                0x00000000   Number         0  dfixi.o ABSOLUTE
    ../fplib/microlib/fpflt.c                0x00000000   Number         0  dfltul.o ABSOLUTE
    ../fplib/microlib/fpflt.c                0x00000000   Number         0  dflti.o ABSOLUTE
    ../fplib/microlib/fpmul.c                0x00000000   Number         0  dmul.o ABSOLUTE
    ../fplib/microlib/fpsqrt.c               0x00000000   Number         0  dsqrt.o ABSOLUTE
    ../mathlib/atof.c                        0x00000000   Number         0  atof.o ABSOLUTE
    ../mathlib/sqrt.c                        0x00000000   Number         0  sqrt_x.o ABSOLUTE
    ../mathlib/sqrt.c                        0x00000000   Number         0  sqrt.o ABSOLUTE
    cdcmple.s                                0x00000000   Number         0  cdcmple.o ABSOLUTE
    cdrcmple.s                               0x00000000   Number         0  cdrcmple.o ABSOLUTE
    comp.c                                   0x00000000   Number         0  comp.o ABSOLUTE
    dc.s                                     0x00000000   Number         0  dc.o ABSOLUTE
    gpio.c                                   0x00000000   Number         0  gpio.o ABSOLUTE
    gps.c                                    0x00000000   Number         0  gps.o ABSOLUTE
    handlers.s                               0x00000000   Number         0  handlers.o ABSOLUTE
    init.s                                   0x00000000   Number         0  init.o ABSOLUTE
    lcd.c                                    0x00000000   Number         0  lcd.o ABSOLUTE
    main.c                                   0x00000000   Number         0  main.o ABSOLUTE
    startup_TM4C123.s                        0x00000000   Number         0  startup_tm4c123.o ABSOLUTE
    timer0.c                                 0x00000000   Number         0  timer0.o ABSOLUTE
    uart0.c                                  0x00000000   Number         0  uart0.o ABSOLUTE
    uart1.c                                  0x00000000   Number         0  uart1.o ABSOLUTE
    .ARM.Collect$$$$00000000                 0x0000026c   Section        0  entry.o(.ARM.Collect$$$$00000000)
    .ARM.Collect$$$$00000001                 0x0000026c   Section        4  entry2.o(.ARM.Collect$$$$00000001)
    .ARM.Collect$$$$00000004                 0x00000270   Section        4  entry5.o(.ARM.Collect$$$$00000004)
    .ARM.Collect$$$$00000008                 0x00000274   Section        0  entry7b.o(.ARM.Collect$$$$00000008)
    .ARM.Collect$$$$0000000A                 0x00000274   Section        0  entry8b.o(.ARM.Collect$$$$0000000A)
    .ARM.Collect$$$$0000000B                 0x00000274   Section        8  entry9a.o(.ARM.Collect$$$$0000000B)
    .ARM.Collect$$$$0000000D                 0x0000027c   Section        0  entry10a.o(.ARM.Collect$$$$0000000D)
    .ARM.Collect$$$$0000000F                 0x0000027c   Section        0  entry11a.o(.ARM.Collect$$$$0000000F)
    .ARM.Collect$$$$00002712                 0x0000027c   Section        4  entry2.o(.ARM.Collect$$$$00002712)
    __lit__00000000                          0x0000027c   Data           4  entry2.o(.ARM.Collect$$$$00002712)
    .text                                    0x00000280   Section      268  startup_tm4c123.o(.text)
    $v0                                      0x00000280   Number         0  startup_tm4c123.o(.text)
    .text                                    0x0000038c   Section        0  main.o(.text)
    .text                                    0x00000638   Section        0  uart1.o(.text)
    .text                                    0x000006e8   Section        0  gps.o(.text)
    .text                                    0x0000091c   Section        0  comp.o(.text)
    .text                                    0x00000bac   Section        0  lcd.o(.text)
    .text                                    0x00000d68   Section        0  gpio.o(.text)
    .text                                    0x00000e58   Section        0  uart0.o(.text)
    .text                                    0x00000f4c   Section        0  timer0.o(.text)
    .text                                    0x00000ff8   Section        0  strstr.o(.text)
    .text                                    0x0000101c   Section        0  strncpy.o(.text)
    .text                                    0x00001034   Section        0  strtok.o(.text)
    .text                                    0x00001078   Section        0  dadd.o(.text)
    .text                                    0x000011c6   Section        0  dmul.o(.text)
    .text                                    0x000012aa   Section        0  ddiv.o(.text)
    .text                                    0x00001388   Section        0  dflti.o(.text)
    .text                                    0x000013aa   Section        0  dfixi.o(.text)
    .text                                    0x000013e8   Section       40  cdcmple.o(.text)
    .text                                    0x00001410   Section        0  uidiv.o(.text)
    .text                                    0x0000143c   Section        0  uldiv.o(.text)
    .text                                    0x0000149e   Section        0  llshl.o(.text)
    .text                                    0x000014bc   Section        0  llushr.o(.text)
    .text                                    0x000014dc   Section        0  llsshr.o(.text)
    .text                                    0x00001500   Section        0  strtod.o(.text)
    _local_sscanf                            0x00001501   Thumb Code    54  strtod.o(.text)
    .text                                    0x0000159c   Section        0  depilogue.o(.text)
    .text                                    0x0000159c   Section        0  iusefp.o(.text)
    .text                                    0x0000165a   Section        0  dsqrt.o(.text)
    .text                                    0x000016fc   Section        0  dfixul.o(.text)
    .text                                    0x0000172c   Section       40  cdrcmple.o(.text)
    .text                                    0x00001754   Section       36  init.o(.text)
    .text                                    0x00001778   Section        0  isspace_c.o(.text)
    .text                                    0x00001784   Section        0  scanf_fp.o(.text)
    _fp_value                                0x00001785   Thumb Code   256  scanf_fp.o(.text)
    .text                                    0x00001ac0   Section        0  _sgetc.o(.text)
    .text                                    0x00001b00   Section        0  ctype_c.o(.text)
    .text                                    0x00001b28   Section        0  dfltul.o(.text)
    .text                                    0x00001b40   Section        0  d2f.o(.text)
    .text                                    0x00001b78   Section        0  fepilogue.o(.text)
    .text                                    0x00001be4   Section        0  __dczerorl2.o(.text)
    i.__0sprintf                             0x00001c40   Section        0  printfa.o(i.__0sprintf)
    i.__hardfp_atof                          0x00001c68   Section        0  atof.o(i.__hardfp_atof)
    i.__hardfp_sqrt                          0x00001ca0   Section        0  sqrt.o(i.__hardfp_sqrt)
    i.__read_errno                           0x00001d1c   Section        0  errno.o(i.__read_errno)
    i.__scatterload_copy                     0x00001d28   Section       14  handlers.o(i.__scatterload_copy)
    i.__scatterload_null                     0x00001d36   Section        2  handlers.o(i.__scatterload_null)
    i.__scatterload_zeroinit                 0x00001d38   Section       14  handlers.o(i.__scatterload_zeroinit)
    i.__set_errno                            0x00001d48   Section        0  errno.o(i.__set_errno)
    i._fp_digits                             0x00001d54   Section        0  printfa.o(i._fp_digits)
    _fp_digits                               0x00001d55   Thumb Code   326  printfa.o(i._fp_digits)
    i._is_digit                              0x00001eb0   Section        0  scanf_fp.o(i._is_digit)
    i._printf_core                           0x00001ec0   Section        0  printfa.o(i._printf_core)
    _printf_core                             0x00001ec1   Thumb Code  1762  printfa.o(i._printf_core)
    i._printf_post_padding                   0x000025b0   Section        0  printfa.o(i._printf_post_padding)
    _printf_post_padding                     0x000025b1   Thumb Code    38  printfa.o(i._printf_post_padding)
    i._printf_pre_padding                    0x000025d6   Section        0  printfa.o(i._printf_pre_padding)
    _printf_pre_padding                      0x000025d7   Thumb Code    48  printfa.o(i._printf_pre_padding)
    i._sputc                                 0x00002606   Section        0  printfa.o(i._sputc)
    _sputc                                   0x00002607   Thumb Code    10  printfa.o(i._sputc)
    .constdata                               0x00002610   Section       64  ctype_c.o(.constdata)
    .conststring                             0x00002650   Section       74  main.o(.conststring)
    .data                                    0x20000000   Section       81  main.o(.data)
    .data                                    0x20000058   Section       40  gps.o(.data)
    .data                                    0x20000080   Section      144  comp.o(.data)
    .data                                    0x20000110   Section        4  lcd.o(.data)
    .data                                    0x20000114   Section       16  timer0.o(.data)
    .data                                    0x20000124   Section        4  strtok.o(.data)
    state                                    0x20000124   Data           4  strtok.o(.data)
    .data                                    0x20000128   Section        4  errno.o(.data)
    _errno                                   0x20000128   Data           4  errno.o(.data)
    .bss                                     0x2000012c   Section      200  main.o(.bss)
    .bss                                     0x200001f4   Section      130  gps.o(.bss)
    STACK                                    0x20000278   Section      512  startup_tm4c123.o(STACK)

    Global Symbols

    Symbol Name                              Value     Ov Type        Size  Object(Section)

    BuildAttributes$$THM_ISAv4$E$P$D$K$B$S$7EM$VFPi3$EXTD16$VFPS$VFMA$PE$A:L22UL41UL21$X:L11$S22US41US21$IEEE1$IW$USESV6$~STKCKD$USESV7$~SHL$OTIME$ROPI$IEEEJ$EBA8$MICROLIB$REQ8$PRES8$EABIv2 0x00000000   Number         0  anon$$obj.o ABSOLUTE
    __ARM_use_no_argv                        0x00000000   Number         0  main.o ABSOLUTE
    __Vectors                                0x00000000   Data           4  startup_tm4c123.o(RESET)
    _printf_a                                0x00000000   Number         0  stubs.o ABSOLUTE
    _printf_c                                0x00000000   Number         0  stubs.o ABSOLUTE
    _printf_charcount                        0x00000000   Number         0  stubs.o ABSOLUTE
    _printf_d                                0x00000000   Number         0  stubs.o ABSOLUTE
    _printf_e                                0x00000000   Number         0  stubs.o ABSOLUTE
    _printf_f                                0x00000000   Number         0  stubs.o ABSOLUTE
    _printf_flags                            0x00000000   Number         0  stubs.o ABSOLUTE
    _printf_fp_dec                           0x00000000   Number         0  stubs.o ABSOLUTE
    _printf_fp_hex                           0x00000000   Number         0  stubs.o ABSOLUTE
    _printf_g                                0x00000000   Number         0  stubs.o ABSOLUTE
    _printf_i                                0x00000000   Number         0  stubs.o ABSOLUTE
    _printf_int_dec                          0x00000000   Number         0  stubs.o ABSOLUTE
    _printf_l                                0x00000000   Number         0  stubs.o ABSOLUTE
    _printf_lc                               0x00000000   Number         0  stubs.o ABSOLUTE
    _printf_ll                               0x00000000   Number         0  stubs.o ABSOLUTE
    _printf_lld                              0x00000000   Number         0  stubs.o ABSOLUTE
    _printf_lli                              0x00000000   Number         0  stubs.o ABSOLUTE
    _printf_llo                              0x00000000   Number         0  stubs.o ABSOLUTE
    _printf_llu                              0x00000000   Number         0  stubs.o ABSOLUTE
    _printf_llx                              0x00000000   Number         0  stubs.o ABSOLUTE
    _printf_longlong_dec                     0x00000000   Number         0  stubs.o ABSOLUTE
    _printf_longlong_hex                     0x00000000   Number         0  stubs.o ABSOLUTE
    _printf_longlong_oct                     0x00000000   Number         0  stubs.o ABSOLUTE
    _printf_ls                               0x00000000   Number         0  stubs.o ABSOLUTE
    _printf_mbtowc                           0x00000000   Number         0  stubs.o ABSOLUTE
    _printf_n                                0x00000000   Number         0  stubs.o ABSOLUTE
    _printf_o                                0x00000000   Number         0  stubs.o ABSOLUTE
    _printf_p                                0x00000000   Number         0  stubs.o ABSOLUTE
    _printf_percent                          0x00000000   Number         0  stubs.o ABSOLUTE
    _printf_pre_padding                      0x00000000   Number         0  stubs.o ABSOLUTE
    _printf_return_value                     0x00000000   Number         0  stubs.o ABSOLUTE
    _printf_s                                0x00000000   Number         0  stubs.o ABSOLUTE
    _printf_sizespec                         0x00000000   Number         0  stubs.o ABSOLUTE
    _printf_str                              0x00000000   Number         0  stubs.o ABSOLUTE
    _printf_truncate_signed                  0x00000000   Number         0  stubs.o ABSOLUTE
    _printf_truncate_unsigned                0x00000000   Number         0  stubs.o ABSOLUTE
    _printf_u                                0x00000000   Number         0  stubs.o ABSOLUTE
    _printf_wc                               0x00000000   Number         0  stubs.o ABSOLUTE
    _printf_wctomb                           0x00000000   Number         0  stubs.o ABSOLUTE
    _printf_widthprec                        0x00000000   Number         0  stubs.o ABSOLUTE
    _printf_x                                0x00000000   Number         0  stubs.o ABSOLUTE
    __cpp_initialize__aeabi_                  - Undefined Weak Reference
    __cxa_finalize                            - Undefined Weak Reference
    _clock_init                               - Undefined Weak Reference
    _microlib_exit                            - Undefined Weak Reference
    __Vectors_End                            0x0000026c   Data           0  startup_tm4c123.o(RESET)
    __Vectors_Size                           0x0000026c   Number         0  startup_tm4c123.o ABSOLUTE
    __main                                   0x0000026d   Thumb Code     0  entry.o(.ARM.Collect$$$$00000000)
    _main_stk                                0x0000026d   Thumb Code     0  entry2.o(.ARM.Collect$$$$00000001)
    _main_scatterload                        0x00000271   Thumb Code     0  entry5.o(.ARM.Collect$$$$00000004)
    __main_after_scatterload                 0x00000275   Thumb Code     0  entry5.o(.ARM.Collect$$$$00000004)
    _main_clock                              0x00000275   Thumb Code     0  entry7b.o(.ARM.Collect$$$$00000008)
    _main_cpp_init                           0x00000275   Thumb Code     0  entry8b.o(.ARM.Collect$$$$0000000A)
    _main_init                               0x00000275   Thumb Code     0  entry9a.o(.ARM.Collect$$$$0000000B)
    __rt_final_cpp                           0x0000027d   Thumb Code     0  entry10a.o(.ARM.Collect$$$$0000000D)
    __rt_final_exit                          0x0000027d   Thumb Code     0  entry11a.o(.ARM.Collect$$$$0000000F)
    Reset_Handler                            0x00000281   Thumb Code    24  startup_tm4c123.o(.text)
    NMI_Handler                              0x00000299   Thumb Code     2  startup_tm4c123.o(.text)
    HardFault_Handler                        0x0000029b   Thumb Code     2  startup_tm4c123.o(.text)
    MemManage_Handler                        0x0000029d   Thumb Code     2  startup_tm4c123.o(.text)
    BusFault_Handler                         0x0000029f   Thumb Code     2  startup_tm4c123.o(.text)
    UsageFault_Handler                       0x000002a1   Thumb Code     2  startup_tm4c123.o(.text)
    SVC_Handler                              0x000002a3   Thumb Code     2  startup_tm4c123.o(.text)
    DebugMon_Handler                         0x000002a5   Thumb Code     2  startup_tm4c123.o(.text)
    PendSV_Handler                           0x000002a7   Thumb Code     2  startup_tm4c123.o(.text)
    SysTick_Handler                          0x000002a9   Thumb Code     2  startup_tm4c123.o(.text)
    GPIOA_Handler                            0x000002ab   Thumb Code     2  startup_tm4c123.o(.text)
    GPIOB_Handler                            0x000002ad   Thumb Code     2  startup_tm4c123.o(.text)
    GPIOC_Handler                            0x000002af   Thumb Code     2  startup_tm4c123.o(.text)
    GPIOD_Handler                            0x000002b1   Thumb Code     2  startup_tm4c123.o(.text)
    GPIOE_Handler                            0x000002b3   Thumb Code     2  startup_tm4c123.o(.text)
    UART0_Handler                            0x000002b5   Thumb Code     2  startup_tm4c123.o(.text)
    UART1_Handler                            0x000002b7   Thumb Code     2  startup_tm4c123.o(.text)
    SSI0_Handler                             0x000002b9   Thumb Code     2  startup_tm4c123.o(.text)
    I2C0_Handler                             0x000002bb   Thumb Code     2  startup_tm4c123.o(.text)
    PMW0_FAULT_Handler                       0x000002bd   Thumb Code     2  startup_tm4c123.o(.text)
    PWM0_0_Handler                           0x000002bf   Thumb Code     2  startup_tm4c123.o(.text)
    PWM0_1_Handler                           0x000002c1   Thumb Code     2  startup_tm4c123.o(.text)
    PWM0_2_Handler                           0x000002c3   Thumb Code     2  startup_tm4c123.o(.text)
    QEI0_Handler                             0x000002c5   Thumb Code     2  startup_tm4c123.o(.text)
    ADC0SS0_Handler                          0x000002c7   Thumb Code     2  startup_tm4c123.o(.text)
    ADC0SS1_Handler                          0x000002c9   Thumb Code     2  startup_tm4c123.o(.text)
    ADC0SS2_Handler                          0x000002cb   Thumb Code     2  startup_tm4c123.o(.text)
    ADC0SS3_Handler                          0x000002cd   Thumb Code     2  startup_tm4c123.o(.text)
    WDT0_Handler                             0x000002cf   Thumb Code     2  startup_tm4c123.o(.text)
    TIMER0A_Handler                          0x000002d1   Thumb Code     2  startup_tm4c123.o(.text)
    TIMER0B_Handler                          0x000002d3   Thumb Code     2  startup_tm4c123.o(.text)
    TIMER1A_Handler                          0x000002d5   Thumb Code     2  startup_tm4c123.o(.text)
    TIMER1B_Handler                          0x000002d7   Thumb Code     2  startup_tm4c123.o(.text)
    TIMER2A_Handler                          0x000002d9   Thumb Code     2  startup_tm4c123.o(.text)
    TIMER2B_Handler                          0x000002db   Thumb Code     2  startup_tm4c123.o(.text)
    COMP0_Handler                            0x000002dd   Thumb Code     2  startup_tm4c123.o(.text)
    COMP1_Handler                            0x000002df   Thumb Code     2  startup_tm4c123.o(.text)
    COMP2_Handler                            0x000002e1   Thumb Code     2  startup_tm4c123.o(.text)
    SYSCTL_Handler                           0x000002e3   Thumb Code     2  startup_tm4c123.o(.text)
    FLASH_Handler                            0x000002e5   Thumb Code     2  startup_tm4c123.o(.text)
    GPIOF_Handler                            0x000002e7   Thumb Code     2  startup_tm4c123.o(.text)
    GPIOG_Handler                            0x000002e9   Thumb Code     2  startup_tm4c123.o(.text)
    GPIOH_Handler                            0x000002eb   Thumb Code     2  startup_tm4c123.o(.text)
    UART2_Handler                            0x000002ed   Thumb Code     2  startup_tm4c123.o(.text)
    SSI1_Handler                             0x000002ef   Thumb Code     2  startup_tm4c123.o(.text)
    TIMER3A_Handler                          0x000002f1   Thumb Code     2  startup_tm4c123.o(.text)
    TIMER3B_Handler                          0x000002f3   Thumb Code     2  startup_tm4c123.o(.text)
    I2C1_Handler                             0x000002f5   Thumb Code     2  startup_tm4c123.o(.text)
    QEI1_Handler                             0x000002f7   Thumb Code     2  startup_tm4c123.o(.text)
    CAN0_Handler                             0x000002f9   Thumb Code     2  startup_tm4c123.o(.text)
    CAN1_Handler                             0x000002fb   Thumb Code     2  startup_tm4c123.o(.text)
    CAN2_Handler                             0x000002fd   Thumb Code     2  startup_tm4c123.o(.text)
    HIB_Handler                              0x000002ff   Thumb Code     2  startup_tm4c123.o(.text)
    USB0_Handler                             0x00000301   Thumb Code     2  startup_tm4c123.o(.text)
    PWM0_3_Handler                           0x00000303   Thumb Code     2  startup_tm4c123.o(.text)
    UDMA_Handler                             0x00000305   Thumb Code     2  startup_tm4c123.o(.text)
    UDMAERR_Handler                          0x00000307   Thumb Code     2  startup_tm4c123.o(.text)
    ADC1SS0_Handler                          0x00000309   Thumb Code     2  startup_tm4c123.o(.text)
    ADC1SS1_Handler                          0x0000030b   Thumb Code     2  startup_tm4c123.o(.text)
    ADC1SS2_Handler                          0x0000030d   Thumb Code     2  startup_tm4c123.o(.text)
    ADC1SS3_Handler                          0x0000030f   Thumb Code     2  startup_tm4c123.o(.text)
    GPIOJ_Handler                            0x00000311   Thumb Code     2  startup_tm4c123.o(.text)
    GPIOK_Handler                            0x00000313   Thumb Code     2  startup_tm4c123.o(.text)
    GPIOL_Handler                            0x00000315   Thumb Code     2  startup_tm4c123.o(.text)
    SSI2_Handler                             0x00000317   Thumb Code     2  startup_tm4c123.o(.text)
    SSI3_Handler                             0x00000319   Thumb Code     2  startup_tm4c123.o(.text)
    UART3_Handler                            0x0000031b   Thumb Code     2  startup_tm4c123.o(.text)
    UART4_Handler                            0x0000031d   Thumb Code     2  startup_tm4c123.o(.text)
    UART5_Handler                            0x0000031f   Thumb Code     2  startup_tm4c123.o(.text)
    UART6_Handler                            0x00000321   Thumb Code     2  startup_tm4c123.o(.text)
    UART7_Handler                            0x00000323   Thumb Code     2  startup_tm4c123.o(.text)
    I2C2_Handler                             0x00000325   Thumb Code     2  startup_tm4c123.o(.text)
    I2C3_Handler                             0x00000327   Thumb Code     2  startup_tm4c123.o(.text)
    TIMER4A_Handler                          0x00000329   Thumb Code     2  startup_tm4c123.o(.text)
    TIMER4B_Handler                          0x0000032b   Thumb Code     2  startup_tm4c123.o(.text)
    TIMER5A_Handler                          0x0000032d   Thumb Code     2  startup_tm4c123.o(.text)
    TIMER5B_Handler                          0x0000032f   Thumb Code     2  startup_tm4c123.o(.text)
    WTIMER0A_Handler                         0x00000331   Thumb Code     2  startup_tm4c123.o(.text)
    WTIMER0B_Handler                         0x00000333   Thumb Code     2  startup_tm4c123.o(.text)
    WTIMER1A_Handler                         0x00000335   Thumb Code     2  startup_tm4c123.o(.text)
    WTIMER1B_Handler                         0x00000337   Thumb Code     2  startup_tm4c123.o(.text)
    WTIMER2A_Handler                         0x00000339   Thumb Code     2  startup_tm4c123.o(.text)
    WTIMER2B_Handler                         0x0000033b   Thumb Code     2  startup_tm4c123.o(.text)
    WTIMER3A_Handler                         0x0000033d   Thumb Code     2  startup_tm4c123.o(.text)
    WTIMER3B_Handler                         0x0000033f   Thumb Code     2  startup_tm4c123.o(.text)
    WTIMER4A_Handler                         0x00000341   Thumb Code     2  startup_tm4c123.o(.text)
    WTIMER4B_Handler                         0x00000343   Thumb Code     2  startup_tm4c123.o(.text)
    WTIMER5A_Handler                         0x00000345   Thumb Code     2  startup_tm4c123.o(.text)
    WTIMER5B_Handler                         0x00000347   Thumb Code     2  startup_tm4c123.o(.text)
    FPU_Handler                              0x00000349   Thumb Code     2  startup_tm4c123.o(.text)
    I2C4_Handler                             0x0000034b   Thumb Code     2  startup_tm4c123.o(.text)
    I2C5_Handler                             0x0000034d   Thumb Code     2  startup_tm4c123.o(.text)
    GPIOM_Handler                            0x0000034f   Thumb Code     2  startup_tm4c123.o(.text)
    GPION_Handler                            0x00000351   Thumb Code     2  startup_tm4c123.o(.text)
    QEI2_Handler                             0x00000353   Thumb Code     2  startup_tm4c123.o(.text)
    GPIOP0_Handler                           0x00000355   Thumb Code     2  startup_tm4c123.o(.text)
    GPIOP1_Handler                           0x00000357   Thumb Code     2  startup_tm4c123.o(.text)
    GPIOP2_Handler                           0x00000359   Thumb Code     2  startup_tm4c123.o(.text)
    GPIOP3_Handler                           0x0000035b   Thumb Code     2  startup_tm4c123.o(.text)
    GPIOP4_Handler                           0x0000035d   Thumb Code     2  startup_tm4c123.o(.text)
    GPIOP5_Handler                           0x0000035f   Thumb Code     2  startup_tm4c123.o(.text)
    GPIOP6_Handler                           0x00000361   Thumb Code     2  startup_tm4c123.o(.text)
    GPIOP7_Handler                           0x00000363   Thumb Code     2  startup_tm4c123.o(.text)
    GPIOQ0_Handler                           0x00000365   Thumb Code     2  startup_tm4c123.o(.text)
    GPIOQ1_Handler                           0x00000367   Thumb Code     2  startup_tm4c123.o(.text)
    GPIOQ2_Handler                           0x00000369   Thumb Code     2  startup_tm4c123.o(.text)
    GPIOQ3_Handler                           0x0000036b   Thumb Code     2  startup_tm4c123.o(.text)
    GPIOQ4_Handler                           0x0000036d   Thumb Code     2  startup_tm4c123.o(.text)
    GPIOQ5_Handler                           0x0000036f   Thumb Code     2  startup_tm4c123.o(.text)
    GPIOQ6_Handler                           0x00000371   Thumb Code     2  startup_tm4c123.o(.text)
    GPIOQ7_Handler                           0x00000373   Thumb Code     2  startup_tm4c123.o(.text)
    GPIOR_Handler                            0x00000375   Thumb Code     2  startup_tm4c123.o(.text)
    GPIOS_Handler                            0x00000377   Thumb Code     2  startup_tm4c123.o(.text)
    PMW1_0_Handler                           0x00000379   Thumb Code     2  startup_tm4c123.o(.text)
    PWM1_1_Handler                           0x0000037b   Thumb Code     2  startup_tm4c123.o(.text)
    PWM1_2_Handler                           0x0000037d   Thumb Code     2  startup_tm4c123.o(.text)
    PWM1_3_Handler                           0x0000037f   Thumb Code     2  startup_tm4c123.o(.text)
    PWM1_FAULT_Handler                       0x00000381   Thumb Code     2  startup_tm4c123.o(.text)
    main                                     0x0000038d   Thumb Code   560  main.o(.text)
    UART1_Init                               0x00000639   Thumb Code   136  uart1.o(.text)
    UART1_ReadChar                           0x000006c1   Thumb Code    20  uart1.o(.text)
    parseGPRMC                               0x000006e9   Thumb Code    98  gps.o(.text)
    processGPSChar                           0x0000074b   Thumb Code    76  gps.o(.text)
    convertToDecimal                         0x00000797   Thumb Code   306  gps.o(.text)
    get_Distance                             0x0000091d   Thumb Code   228  comp.o(.text)
    compare                                  0x00000a01   Thumb Code   392  comp.o(.text)
    DelayMs                                  0x00000bad   Thumb Code    38  lcd.o(.text)
    I2C_Init                                 0x00000bd3   Thumb Code   120  lcd.o(.text)
    LCD_WriteNibble                          0x00000c4b   Thumb Code   112  lcd.o(.text)
    LCD_WriteByte                            0x00000cbb   Thumb Code    30  lcd.o(.text)
    LCD_Init                                 0x00000cd9   Thumb Code    98  lcd.o(.text)
    LCD_WriteString                          0x00000d3b   Thumb Code    24  lcd.o(.text)
    PortF_Init                               0x00000d69   Thumb Code   108  gpio.o(.text)
    Delay_Ms                                 0x00000dd5   Thumb Code    22  gpio.o(.text)
    buzz                                     0x00000deb   Thumb Code    42  gpio.o(.text)
    led                                      0x00000e15   Thumb Code    42  gpio.o(.text)
    UART2_Init                               0x00000e59   Thumb Code   160  uart0.o(.text)
    UART2_SendChar                           0x00000ef9   Thumb Code    18  uart0.o(.text)
    UART2_SendString                         0x00000f0b   Thumb Code    22  uart0.o(.text)
    UART2_ReadChar                           0x00000f21   Thumb Code    20  uart0.o(.text)
    Timer0A_Init                             0x00000f4d   Thumb Code    58  timer0.o(.text)
    Timer0A_Start                            0x00000f87   Thumb Code    28  timer0.o(.text)
    Timer0A_Stop                             0x00000fa3   Thumb Code    52  timer0.o(.text)
    strstr                                   0x00000ff9   Thumb Code    36  strstr.o(.text)
    strncpy                                  0x0000101d   Thumb Code    24  strncpy.o(.text)
    strtok                                   0x00001035   Thumb Code    62  strtok.o(.text)
    __aeabi_dadd                             0x00001079   Thumb Code   322  dadd.o(.text)
    __aeabi_dsub                             0x000011bb   Thumb Code     6  dadd.o(.text)
    __aeabi_drsub                            0x000011c1   Thumb Code     6  dadd.o(.text)
    __aeabi_dmul                             0x000011c7   Thumb Code   228  dmul.o(.text)
    __aeabi_ddiv                             0x000012ab   Thumb Code   222  ddiv.o(.text)
    __aeabi_i2d                              0x00001389   Thumb Code    34  dflti.o(.text)
    __aeabi_d2iz                             0x000013ab   Thumb Code    62  dfixi.o(.text)
    __aeabi_cdcmpeq                          0x000013e9   Thumb Code     0  cdcmple.o(.text)
    __aeabi_cdcmple                          0x000013e9   Thumb Code    38  cdcmple.o(.text)
    __aeabi_uidiv                            0x00001411   Thumb Code     0  uidiv.o(.text)
    __aeabi_uidivmod                         0x00001411   Thumb Code    44  uidiv.o(.text)
    __aeabi_uldivmod                         0x0000143d   Thumb Code    98  uldiv.o(.text)
    __aeabi_llsl                             0x0000149f   Thumb Code    30  llshl.o(.text)
    _ll_shift_l                              0x0000149f   Thumb Code     0  llshl.o(.text)
    __aeabi_llsr                             0x000014bd   Thumb Code    32  llushr.o(.text)
    _ll_ushift_r                             0x000014bd   Thumb Code     0  llushr.o(.text)
    __aeabi_lasr                             0x000014dd   Thumb Code    36  llsshr.o(.text)
    _ll_sshift_r                             0x000014dd   Thumb Code     0  llsshr.o(.text)
    __strtod_int                             0x00001537   Thumb Code    88  strtod.o(.text)
    __I$use$fp                               0x0000159d   Thumb Code     0  iusefp.o(.text)
    _double_round                            0x0000159d   Thumb Code    26  depilogue.o(.text)
    _double_epilogue                         0x000015b7   Thumb Code   164  depilogue.o(.text)
    _dsqrt                                   0x0000165b   Thumb Code   162  dsqrt.o(.text)
    __aeabi_d2ulz                            0x000016fd   Thumb Code    48  dfixul.o(.text)
    __aeabi_cdrcmple                         0x0000172d   Thumb Code    38  cdrcmple.o(.text)
    __scatterload                            0x00001755   Thumb Code    28  init.o(.text)
    __scatterload_rt2                        0x00001755   Thumb Code     0  init.o(.text)
    isspace                                  0x00001779   Thumb Code    10  isspace_c.o(.text)
    _scanf_real                              0x00001885   Thumb Code     0  scanf_fp.o(.text)
    _scanf_really_real                       0x00001885   Thumb Code   560  scanf_fp.o(.text)
    _sgetc                                   0x00001ac1   Thumb Code    30  _sgetc.o(.text)
    _sbackspace                              0x00001adf   Thumb Code    34  _sgetc.o(.text)
    __ctype_lookup                           0x00001b01   Thumb Code    34  ctype_c.o(.text)
    __aeabi_ul2d                             0x00001b29   Thumb Code    24  dfltul.o(.text)
    __aeabi_d2f                              0x00001b41   Thumb Code    56  d2f.o(.text)
    _float_round                             0x00001b79   Thumb Code    18  fepilogue.o(.text)
    _float_epilogue                          0x00001b8b   Thumb Code    90  fepilogue.o(.text)
    __decompress                             0x00001be5   Thumb Code     0  __dczerorl2.o(.text)
    __decompress1                            0x00001be5   Thumb Code    92  __dczerorl2.o(.text)
    __0sprintf                               0x00001c41   Thumb Code    34  printfa.o(i.__0sprintf)
    __1sprintf                               0x00001c41   Thumb Code     0  printfa.o(i.__0sprintf)
    __2sprintf                               0x00001c41   Thumb Code     0  printfa.o(i.__0sprintf)
    __c89sprintf                             0x00001c41   Thumb Code     0  printfa.o(i.__0sprintf)
    sprintf                                  0x00001c41   Thumb Code     0  printfa.o(i.__0sprintf)
    __hardfp_atof                            0x00001c69   Thumb Code    44  atof.o(i.__hardfp_atof)
    __hardfp_sqrt                            0x00001ca1   Thumb Code   122  sqrt.o(i.__hardfp_sqrt)
    __read_errno                             0x00001d1d   Thumb Code     6  errno.o(i.__read_errno)
    __scatterload_copy                       0x00001d29   Thumb Code    14  handlers.o(i.__scatterload_copy)
    __scatterload_null                       0x00001d37   Thumb Code     2  handlers.o(i.__scatterload_null)
    __scatterload_zeroinit                   0x00001d39   Thumb Code    14  handlers.o(i.__scatterload_zeroinit)
    __set_errno                              0x00001d49   Thumb Code     6  errno.o(i.__set_errno)
    _is_digit                                0x00001eb1   Thumb Code    14  scanf_fp.o(i._is_digit)
    __ctype_categories                       0x00002610   Data          64  ctype_c.o(.constdata)
    Region$$Table$$Base                      0x0000269c   Number         0  anon$$obj.o(Region$$Table)
    Region$$Table$$Limit                     0x000026bc   Number         0  anon$$obj.o(Region$$Table)
    place                                    0x20000000   Data          32  main.o(.data)
    gps_data_ready                           0x20000020   Data           1  main.o(.data)
    stat                                     0x20000024   Data           4  main.o(.data)
    min_ind                                  0x20000028   Data           4  main.o(.data)
    lat                                      0x20000030   Data           8  main.o(.data)
    lon                                      0x20000038   Data           8  main.o(.data)
    targ                                     0x20000040   Data           4  main.o(.data)
    s                                        0x20000044   Data           4  main.o(.data)
    h                                        0x20000048   Data           4  main.o(.data)
    m                                        0x2000004c   Data           4  main.o(.data)
    b                                        0x20000050   Data           1  main.o(.data)
    gps_index                                0x20000058   Data           4  gps.o(.data)
    latest_ns                                0x2000005c   Data           1  gps.o(.data)
    latest_ew                                0x2000005d   Data           1  gps.o(.data)
    raw                                      0x20000060   Data           8  gps.o(.data)
    deg                                      0x20000068   Data           4  gps.o(.data)
    minn                                     0x20000070   Data           8  gps.o(.data)
    dec                                      0x20000078   Data           8  gps.o(.data)
    lats                                     0x20000080   Data          64  comp.o(.data)
    lons                                     0x200000c0   Data          64  comp.o(.data)
    min                                      0x20000100   Data           8  comp.o(.data)
    min_indx                                 0x20000108   Data           4  comp.o(.data)
    j                                        0x2000010c   Data           4  comp.o(.data)
    k                                        0x20000110   Data           4  lcd.o(.data)
    start_time                               0x20000114   Data           4  timer0.o(.data)
    stop_time                                0x20000118   Data           4  timer0.o(.data)
    ticks_elapsed                            0x2000011c   Data           4  timer0.o(.data)
    seconds                                  0x20000120   Data           4  timer0.o(.data)
    buff                                     0x2000012c   Data         100  main.o(.bss)
    cnt                                      0x20000190   Data         100  main.o(.bss)
    latest_lat                               0x200001f4   Data          15  gps.o(.bss)
    latest_lon                               0x20000203   Data          15  gps.o(.bss)
    gps_buffer                               0x20000212   Data         100  gps.o(.bss)
    __initial_sp                             0x20000478   Data           0  startup_tm4c123.o(STACK)



==============================================================================

Memory Map of the image

  Image Entry point : 0x00000281

  Load Region LR_1 (Base: 0x00000000, Size: 0x000027e8, Max: 0xffffffff, ABSOLUTE, COMPRESSED[0x0000273c])

    Execution Region ER_RO (Base: 0x00000000, Size: 0x000026bc, Max: 0xffffffff, ABSOLUTE)

    Base Addr    Size         Type   Attr      Idx    E Section Name        Object

    0x00000000   0x0000026c   Data   RO            3    RESET               startup_tm4c123.o
    0x0000026c   0x00000000   Code   RO          176  * .ARM.Collect$$$$00000000  mc_w.l(entry.o)
    0x0000026c   0x00000004   Code   RO          462    .ARM.Collect$$$$00000001  mc_w.l(entry2.o)
    0x00000270   0x00000004   Code   RO          465    .ARM.Collect$$$$00000004  mc_w.l(entry5.o)
    0x00000274   0x00000000   Code   RO          467    .ARM.Collect$$$$00000008  mc_w.l(entry7b.o)
    0x00000274   0x00000000   Code   RO          469    .ARM.Collect$$$$0000000A  mc_w.l(entry8b.o)
    0x00000274   0x00000008   Code   RO          470    .ARM.Collect$$$$0000000B  mc_w.l(entry9a.o)
    0x0000027c   0x00000000   Code   RO          472    .ARM.Collect$$$$0000000D  mc_w.l(entry10a.o)
    0x0000027c   0x00000000   Code   RO          474    .ARM.Collect$$$$0000000F  mc_w.l(entry11a.o)
    0x0000027c   0x00000004   Code   RO          463    .ARM.Collect$$$$00002712  mc_w.l(entry2.o)
    0x00000280   0x0000010c   Code   RO            4  * .text               startup_tm4c123.o
    0x0000038c   0x000002ac   Code   RO           10    .text               main.o
    0x00000638   0x000000b0   Code   RO           45    .text               uart1.o
    0x000006e8   0x00000234   Code   RO           57    .text               gps.o
    0x0000091c   0x00000290   Code   RO           79    .text               comp.o
    0x00000bac   0x000001bc   Code   RO          101    .text               lcd.o
    0x00000d68   0x000000f0   Code   RO          116    .text               gpio.o
    0x00000e58   0x000000f4   Code   RO          128    .text               uart0.o
    0x00000f4c   0x000000ac   Code   RO          140    .text               timer0.o
    0x00000ff8   0x00000024   Code   RO          179    .text               mc_w.l(strstr.o)
    0x0000101c   0x00000018   Code   RO          181    .text               mc_w.l(strncpy.o)
    0x00001034   0x00000044   Code   RO          183    .text               mc_w.l(strtok.o)
    0x00001078   0x0000014e   Code   RO          450    .text               mf_w.l(dadd.o)
    0x000011c6   0x000000e4   Code   RO          452    .text               mf_w.l(dmul.o)
    0x000012aa   0x000000de   Code   RO          454    .text               mf_w.l(ddiv.o)
    0x00001388   0x00000022   Code   RO          456    .text               mf_w.l(dflti.o)
    0x000013aa   0x0000003e   Code   RO          458    .text               mf_w.l(dfixi.o)
    0x000013e8   0x00000028   Code   RO          460    .text               mf_w.l(cdcmple.o)
    0x00001410   0x0000002c   Code   RO          479    .text               mc_w.l(uidiv.o)
    0x0000143c   0x00000062   Code   RO          481    .text               mc_w.l(uldiv.o)
    0x0000149e   0x0000001e   Code   RO          483    .text               mc_w.l(llshl.o)
    0x000014bc   0x00000020   Code   RO          485    .text               mc_w.l(llushr.o)
    0x000014dc   0x00000024   Code   RO          487    .text               mc_w.l(llsshr.o)
    0x00001500   0x0000009c   Code   RO          496    .text               mc_w.l(strtod.o)
    0x0000159c   0x00000000   Code   RO          498    .text               mc_w.l(iusefp.o)
    0x0000159c   0x000000be   Code   RO          499    .text               mf_w.l(depilogue.o)
    0x0000165a   0x000000a2   Code   RO          501    .text               mf_w.l(dsqrt.o)
    0x000016fc   0x00000030   Code   RO          503    .text               mf_w.l(dfixul.o)
    0x0000172c   0x00000028   Code   RO          505    .text               mf_w.l(cdrcmple.o)
    0x00001754   0x00000024   Code   RO          507    .text               mc_w.l(init.o)
    0x00001778   0x0000000a   Code   RO          510    .text               mc_w.l(isspace_c.o)
    0x00001782   0x00000002   PAD
    0x00001784   0x0000033c   Code   RO          512    .text               mc_w.l(scanf_fp.o)
    0x00001ac0   0x00000040   Code   RO          516    .text               mc_w.l(_sgetc.o)
    0x00001b00   0x00000028   Code   RO          519    .text               mc_w.l(ctype_c.o)
    0x00001b28   0x00000018   Code   RO          522    .text               mf_w.l(dfltul.o)
    0x00001b40   0x00000038   Code   RO          524    .text               mf_w.l(d2f.o)
    0x00001b78   0x0000006c   Code   RO          526    .text               mf_w.l(fepilogue.o)
    0x00001be4   0x0000005c   Code   RO          536    .text               mc_w.l(__dczerorl2.o)
    0x00001c40   0x00000028   Code   RO          424    i.__0sprintf        mc_w.l(printfa.o)
    0x00001c68   0x00000038   Code   RO          158    i.__hardfp_atof     m_wm.l(atof.o)
    0x00001ca0   0x0000007a   Code   RO          164    i.__hardfp_sqrt     m_wm.l(sqrt.o)
    0x00001d1a   0x00000002   PAD
    0x00001d1c   0x0000000c   Code   RO          490    i.__read_errno      mc_w.l(errno.o)
    0x00001d28   0x0000000e   Code   RO          530    i.__scatterload_copy  mc_w.l(handlers.o)
    0x00001d36   0x00000002   Code   RO          531    i.__scatterload_null  mc_w.l(handlers.o)
    0x00001d38   0x0000000e   Code   RO          532    i.__scatterload_zeroinit  mc_w.l(handlers.o)
    0x00001d46   0x00000002   PAD
    0x00001d48   0x0000000c   Code   RO          491    i.__set_errno       mc_w.l(errno.o)
    0x00001d54   0x0000015c   Code   RO          429    i._fp_digits        mc_w.l(printfa.o)
    0x00001eb0   0x0000000e   Code   RO          514    i._is_digit         mc_w.l(scanf_fp.o)
    0x00001ebe   0x00000002   PAD
    0x00001ec0   0x000006f0   Code   RO          430    i._printf_core      mc_w.l(printfa.o)
    0x000025b0   0x00000026   Code   RO          431    i._printf_post_padding  mc_w.l(printfa.o)
    0x000025d6   0x00000030   Code   RO          432    i._printf_pre_padding  mc_w.l(printfa.o)
    0x00002606   0x0000000a   Code   RO          434    i._sputc            mc_w.l(printfa.o)
    0x00002610   0x00000040   Data   RO          520    .constdata          mc_w.l(ctype_c.o)
    0x00002650   0x0000004a   Data   RO           12    .conststring        main.o
    0x0000269a   0x00000002   PAD
    0x0000269c   0x00000020   Data   RO          528    Region$$Table       anon$$obj.o


    Execution Region ER_RW (Base: 0x20000000, Size: 0x0000012c, Max: 0xffffffff, ABSOLUTE, COMPRESSED[0x00000080])

    Base Addr    Size         Type   Attr      Idx    E Section Name        Object

    0x20000000   0x00000051   Data   RW           13    .data               main.o
    0x20000051   0x00000007   PAD
    0x20000058   0x00000028   Data   RW           59    .data               gps.o
    0x20000080   0x00000090   Data   RW           80    .data               comp.o
    0x20000110   0x00000004   Data   RW          102    .data               lcd.o
    0x20000114   0x00000010   Data   RW          141    .data               timer0.o
    0x20000124   0x00000004   Data   RW          184    .data               mc_w.l(strtok.o)
    0x20000128   0x00000004   Data   RW          492    .data               mc_w.l(errno.o)


    Execution Region ER_ZI (Base: 0x2000012c, Size: 0x0000034c, Max: 0xffffffff, ABSOLUTE)

    Base Addr    Size         Type   Attr      Idx    E Section Name        Object

    0x2000012c   0x000000c8   Zero   RW           11    .bss                main.o
    0x200001f4   0x00000082   Zero   RW           58    .bss                gps.o
    0x20000276   0x00000002   PAD
    0x20000278   0x00000200   Zero   RW            1    STACK               startup_tm4c123.o


==============================================================================

Image component sizes


      Code (inc. data)   RO Data    RW Data    ZI Data      Debug   Object Name

       656         36          0        144          0       1622   comp.o
       240         26          0          0          0        867   gpio.o
       564         84          0         40        130       1915   gps.o
       444         22          0          4          0       1918   lcd.o
       684        124         74         81        200       5937   main.o
       268         10        620          0        512       5352   startup_tm4c123.o
       172         34          0         16          0        895   timer0.o
       244         24          0          0          0       1068   uart0.o
       176         20          0          0          0        644   uart1.o

    ----------------------------------------------------------------------
      3448        380        728        292        844      20218   Object Totals
         0          0         32          0          0          0   (incl. Generated)
         0          0          2          7          2          0   (incl. Padding)

    ----------------------------------------------------------------------

      Code (inc. data)   RO Data    RW Data    ZI Data      Debug   Library Member Name

        56         12          0          0          0        132   atof.o
       122          0          0          0          0        148   sqrt.o
        92          0          0          0          0          0   __dczerorl2.o
        64          0          0          0          0         84   _sgetc.o
        40          6         64          0          0         68   ctype_c.o
         0          0          0          0          0          0   entry.o
         0          0          0          0          0          0   entry10a.o
         0          0          0          0          0          0   entry11a.o
         8          4          0          0          0          0   entry2.o
         4          0          0          0          0          0   entry5.o
         0          0          0          0          0          0   entry7b.o
         0          0          0          0          0          0   entry8b.o
         8          4          0          0          0          0   entry9a.o
        24         12          0          4          0        136   errno.o
        30          0          0          0          0          0   handlers.o
        36          8          0          0          0         68   init.o
        10          0          0          0          0         68   isspace_c.o
         0          0          0          0          0          0   iusefp.o
        30          0          0          0          0         68   llshl.o
        36          0          0          0          0         68   llsshr.o
        32          0          0          0          0         68   llushr.o
      2260         86          0          0          0        512   printfa.o
       842         12          0          0          0        216   scanf_fp.o
        24          0          0          0          0         76   strncpy.o
        36          0          0          0          0         80   strstr.o
       156         14          0          0          0        120   strtod.o
        68          6          0          4          0         80   strtok.o
        44          0          0          0          0         80   uidiv.o
        98          0          0          0          0         92   uldiv.o
        40          2          0          0          0         68   cdcmple.o
        40          2          0          0          0         68   cdrcmple.o
        56          0          0          0          0         88   d2f.o
       334          0          0          0          0        148   dadd.o
       222          0          0          0          0        100   ddiv.o
       190          0          0          0          0        176   depilogue.o
        62          0          0          0          0         80   dfixi.o
        48          0          0          0          0         68   dfixul.o
        34          0          0          0          0         76   dflti.o
        24          0          0          0          0         76   dfltul.o
       228          0          0          0          0         96   dmul.o
       162          0          0          0          0        100   dsqrt.o
       108          0          0          0          0        168   fepilogue.o

    ----------------------------------------------------------------------
      5676        168         64          8          0       3476   Library Totals
         8          0          0          0          0          0   (incl. Padding)

    ----------------------------------------------------------------------

      Code (inc. data)   RO Data    RW Data    ZI Data      Debug   Library Name

       178         12          0          0          0        280   m_wm.l
      3942        152         64          8          0       1884   mc_w.l
      1548          4          0          0          0       1312   mf_w.l

    ----------------------------------------------------------------------
      5676        168         64          8          0       3476   Library Totals

    ----------------------------------------------------------------------

==============================================================================


      Code (inc. data)   RO Data    RW Data    ZI Data      Debug   

      9124        548        792        300        844      21030   Grand Totals
      9124        548        792        128        844      21030   ELF Image Totals (compressed)
      9124        548        792        128          0          0   ROM Totals

==============================================================================

    Total RO  Size (Code + RO Data)                 9916 (   9.68kB)
    Total RW  Size (RW Data + ZI Data)              1144 (   1.12kB)
    Total ROM Size (Code + RO Data + RW Data)      10044 (   9.81kB)

==============================================================================

