<html>
<body>
<pre>
<h1>µVision Build Log</h1>
<h2>Project:</h2>
F:\Study\Junior 2\test4\test4.uvproj
Project File Date:  05/07/2025

<h2>Output:</h2>
Rebuild target 'Target 1'
assembling startup_TM4C123.s...
compiling main.c...
uart1.h(2): warning:  #1-D: last line of file ends without a newline
  char UART1_ReadChar(void);
main.c: 1 warning, 0 errors
compiling uart1.c...
compiling gps.c...
compiling comp.c...
compiling lcd.c...
compiling gpio.c...
compiling uart0.c...
uart0.c(38): warning:  #1-D: last line of file ends without a newline
  }
uart0.c: 1 warning, 0 errors
compiling timer0.c...
linking...
Program Size: Code=9124 RO-data=792 RW-data=300 ZI-data=844  
".\test4.axf" - 0 Error(s), 2 Warning(s).
Load "F:\\Study\\Junior 2\\test4\\test4.axf" 
Connecting: Mode=JTAG, Speed=1000000Hz
Erase Done.
Programming Done.
Verify OK.
</pre>
</body>
</html>
